2021-03-03 20:38:13,006 [JavaFX Application Thread] [INFO ] core.LoginController - User's email is nhat.nt194347@sis.hust.edu.vn
2021-03-03 20:38:27,915 [JavaFX Application Thread] [INFO ] core.LoginController - maillist of user is [nhat0103st@gmail.com]
